// Jest Snapshot v1, https://goo.gl/fbAQLP

exports[`MultipleCustomHooks tests should display properly 1`] = `
<div>
  <h1>
    BreakingBad Quotes
  </h1>
  <hr />
  <div
    className="alert alert-info text-center"
  >
    Loading...
  </div>
  <div
    className="btn btn-primary"
    onClick={[Function]}
  >
    Next Quote
  </div>
</div>
`;
