// Jest Snapshot v1, https://goo.gl/fbAQLP

exports[`HomeScreen tests should display properly 1`] = `
<div>
  <h1>
    Home Screen
  </h1>
  <hr />
  <pre>
    {
   "name": "test",
   "email": "test@email.com"
}
  </pre>
</div>
`;
